Archive member included because of file (symbol)

/home/slavian/S/git/image-process/ArduinoCoreLib/Release/libArduinoCoreLib.a(malloc.o)
                              ./main.o (malloc)
/home/slavian/S/git/image-process/ArduinoCoreLib/Release/libArduinoCoreLib.a(wiring.o)
                              ./main.o (millis)
/home/slavian/S/git/image-process/ArduinoCoreLib/Release/libArduinoCoreLib.a(wiring_digital.o)
                              ./main.o (pinMode)
/home/slavian/S/arduino/arduino-1.5.2/hardware/tools/avr/bin/../lib/gcc/avr/4.3.2/../../../avr/lib/avr5/libc.a(exit.o)
                              /home/slavian/S/arduino/arduino-1.5.2/hardware/tools/avr/bin/../lib/gcc/avr/4.3.2/../../../avr/lib/avr5/crtm328p.o (exit)
/home/slavian/S/arduino/arduino-1.5.2/hardware/tools/avr/bin/../lib/gcc/avr/4.3.2/../../../avr/lib/avr5/libc.a(memcpy.o)
                              /home/slavian/S/git/image-process/ArduinoCoreLib/Release/libArduinoCoreLib.a(malloc.o) (memcpy)
/home/slavian/S/arduino/arduino-1.5.2/hardware/tools/avr/bin/../lib/gcc/avr/4.3.2/avr5/libgcc.a(_exit.o)
                              /home/slavian/S/arduino/arduino-1.5.2/hardware/tools/avr/bin/../lib/gcc/avr/4.3.2/../../../avr/lib/avr5/libc.a(exit.o) (_exit)
/home/slavian/S/arduino/arduino-1.5.2/hardware/tools/avr/bin/../lib/gcc/avr/4.3.2/avr5/libgcc.a(_copy_data.o)
                              ./main.o (__do_copy_data)
/home/slavian/S/arduino/arduino-1.5.2/hardware/tools/avr/bin/../lib/gcc/avr/4.3.2/avr5/libgcc.a(_clear_bss.o)
                              ./main.o (__do_clear_bss)
/home/slavian/S/arduino/arduino-1.5.2/hardware/tools/avr/bin/../lib/gcc/avr/4.3.2/avr5/libgcc.a(_ctors.o)
                              ./main.o (__do_global_ctors)
/home/slavian/S/arduino/arduino-1.5.2/hardware/tools/avr/bin/../lib/gcc/avr/4.3.2/avr5/libgcc.a(_tablejump.o)
                              /home/slavian/S/arduino/arduino-1.5.2/hardware/tools/avr/bin/../lib/gcc/avr/4.3.2/avr5/libgcc.a(_ctors.o) (__tablejump__)

Discarded input sections

 .data          0x00000000        0x0 /home/slavian/S/arduino/arduino-1.5.2/hardware/tools/avr/bin/../lib/gcc/avr/4.3.2/../../../avr/lib/avr5/crtm328p.o
 .bss           0x00000000        0x0 /home/slavian/S/arduino/arduino-1.5.2/hardware/tools/avr/bin/../lib/gcc/avr/4.3.2/../../../avr/lib/avr5/crtm328p.o
 .text          0x00000000        0x0 ./main.o
 .data          0x00000000        0x0 ./main.o
 .bss           0x00000000        0x0 ./main.o
 .text.__cxa_pure_virtual
                0x00000000        0x0 ./main.o
 .text.__cxa_guard_acquire
                0x00000000        0x0 ./main.o
 .text.__cxa_guard_release
                0x00000000        0x0 ./main.o
 .text.__cxa_guard_abort
                0x00000000        0x0 ./main.o
 .text._ZdlPv   0x00000000        0x0 ./main.o
 .text._Znwj    0x00000000        0x0 ./main.o
 .rodata._ZTVN5slavi16DigitalOutputPinE
                0x00000000        0x0 ./main.o
 .rodata._ZTVN5slavi15DigitalInputPinE
                0x00000000        0x0 ./main.o
 .text          0x00000000        0x0 /home/slavian/S/git/image-process/ArduinoCoreLib/Release/libArduinoCoreLib.a(malloc.o)
 .data          0x00000000        0x0 /home/slavian/S/git/image-process/ArduinoCoreLib/Release/libArduinoCoreLib.a(malloc.o)
 .bss           0x00000000        0x0 /home/slavian/S/git/image-process/ArduinoCoreLib/Release/libArduinoCoreLib.a(malloc.o)
 .text.malloc   0x00000000        0x0 /home/slavian/S/git/image-process/ArduinoCoreLib/Release/libArduinoCoreLib.a(malloc.o)
 .text.free     0x00000000        0x0 /home/slavian/S/git/image-process/ArduinoCoreLib/Release/libArduinoCoreLib.a(malloc.o)
 .text.realloc  0x00000000        0x0 /home/slavian/S/git/image-process/ArduinoCoreLib/Release/libArduinoCoreLib.a(malloc.o)
 .data.__brkval
                0x00000000        0x0 /home/slavian/S/git/image-process/ArduinoCoreLib/Release/libArduinoCoreLib.a(malloc.o)
 .bss.__flp     0x00000000        0x0 /home/slavian/S/git/image-process/ArduinoCoreLib/Release/libArduinoCoreLib.a(malloc.o)
 .data.__brkval_maximum
                0x00000000        0x0 /home/slavian/S/git/image-process/ArduinoCoreLib/Release/libArduinoCoreLib.a(malloc.o)
 .text          0x00000000        0x0 /home/slavian/S/git/image-process/ArduinoCoreLib/Release/libArduinoCoreLib.a(wiring.o)
 .data          0x00000000        0x0 /home/slavian/S/git/image-process/ArduinoCoreLib/Release/libArduinoCoreLib.a(wiring.o)
 .bss           0x00000000        0x0 /home/slavian/S/git/image-process/ArduinoCoreLib/Release/libArduinoCoreLib.a(wiring.o)
 .text.micros   0x00000000        0x0 /home/slavian/S/git/image-process/ArduinoCoreLib/Release/libArduinoCoreLib.a(wiring.o)
 .text.delayMicroseconds
                0x00000000        0x0 /home/slavian/S/git/image-process/ArduinoCoreLib/Release/libArduinoCoreLib.a(wiring.o)
 .text.delay    0x00000000        0x0 /home/slavian/S/git/image-process/ArduinoCoreLib/Release/libArduinoCoreLib.a(wiring.o)
 .text          0x00000000        0x0 /home/slavian/S/git/image-process/ArduinoCoreLib/Release/libArduinoCoreLib.a(wiring_digital.o)
 .data          0x00000000        0x0 /home/slavian/S/git/image-process/ArduinoCoreLib/Release/libArduinoCoreLib.a(wiring_digital.o)
 .bss           0x00000000        0x0 /home/slavian/S/git/image-process/ArduinoCoreLib/Release/libArduinoCoreLib.a(wiring_digital.o)
 .text.digitalWrite
                0x00000000        0x0 /home/slavian/S/git/image-process/ArduinoCoreLib/Release/libArduinoCoreLib.a(wiring_digital.o)
 .text.digitalRead
                0x00000000        0x0 /home/slavian/S/git/image-process/ArduinoCoreLib/Release/libArduinoCoreLib.a(wiring_digital.o)
 .data          0x00000000        0x0 /home/slavian/S/arduino/arduino-1.5.2/hardware/tools/avr/bin/../lib/gcc/avr/4.3.2/../../../avr/lib/avr5/libc.a(exit.o)
 .bss           0x00000000        0x0 /home/slavian/S/arduino/arduino-1.5.2/hardware/tools/avr/bin/../lib/gcc/avr/4.3.2/../../../avr/lib/avr5/libc.a(exit.o)
 .text          0x00000000        0x0 /home/slavian/S/arduino/arduino-1.5.2/hardware/tools/avr/bin/../lib/gcc/avr/4.3.2/../../../avr/lib/avr5/libc.a(memcpy.o)
 .data          0x00000000        0x0 /home/slavian/S/arduino/arduino-1.5.2/hardware/tools/avr/bin/../lib/gcc/avr/4.3.2/../../../avr/lib/avr5/libc.a(memcpy.o)
 .bss           0x00000000        0x0 /home/slavian/S/arduino/arduino-1.5.2/hardware/tools/avr/bin/../lib/gcc/avr/4.3.2/../../../avr/lib/avr5/libc.a(memcpy.o)
 .text          0x00000000        0x0 /home/slavian/S/arduino/arduino-1.5.2/hardware/tools/avr/bin/../lib/gcc/avr/4.3.2/avr5/libgcc.a(_exit.o)
 .data          0x00000000        0x0 /home/slavian/S/arduino/arduino-1.5.2/hardware/tools/avr/bin/../lib/gcc/avr/4.3.2/avr5/libgcc.a(_exit.o)
 .bss           0x00000000        0x0 /home/slavian/S/arduino/arduino-1.5.2/hardware/tools/avr/bin/../lib/gcc/avr/4.3.2/avr5/libgcc.a(_exit.o)
 .text.libgcc   0x00000000        0x0 /home/slavian/S/arduino/arduino-1.5.2/hardware/tools/avr/bin/../lib/gcc/avr/4.3.2/avr5/libgcc.a(_exit.o)
 .text          0x00000000        0x0 /home/slavian/S/arduino/arduino-1.5.2/hardware/tools/avr/bin/../lib/gcc/avr/4.3.2/avr5/libgcc.a(_copy_data.o)
 .data          0x00000000        0x0 /home/slavian/S/arduino/arduino-1.5.2/hardware/tools/avr/bin/../lib/gcc/avr/4.3.2/avr5/libgcc.a(_copy_data.o)
 .bss           0x00000000        0x0 /home/slavian/S/arduino/arduino-1.5.2/hardware/tools/avr/bin/../lib/gcc/avr/4.3.2/avr5/libgcc.a(_copy_data.o)
 .text.libgcc   0x00000000        0x0 /home/slavian/S/arduino/arduino-1.5.2/hardware/tools/avr/bin/../lib/gcc/avr/4.3.2/avr5/libgcc.a(_copy_data.o)
 .text          0x00000000        0x0 /home/slavian/S/arduino/arduino-1.5.2/hardware/tools/avr/bin/../lib/gcc/avr/4.3.2/avr5/libgcc.a(_clear_bss.o)
 .data          0x00000000        0x0 /home/slavian/S/arduino/arduino-1.5.2/hardware/tools/avr/bin/../lib/gcc/avr/4.3.2/avr5/libgcc.a(_clear_bss.o)
 .bss           0x00000000        0x0 /home/slavian/S/arduino/arduino-1.5.2/hardware/tools/avr/bin/../lib/gcc/avr/4.3.2/avr5/libgcc.a(_clear_bss.o)
 .text.libgcc   0x00000000        0x0 /home/slavian/S/arduino/arduino-1.5.2/hardware/tools/avr/bin/../lib/gcc/avr/4.3.2/avr5/libgcc.a(_clear_bss.o)
 .text          0x00000000        0x0 /home/slavian/S/arduino/arduino-1.5.2/hardware/tools/avr/bin/../lib/gcc/avr/4.3.2/avr5/libgcc.a(_ctors.o)
 .data          0x00000000        0x0 /home/slavian/S/arduino/arduino-1.5.2/hardware/tools/avr/bin/../lib/gcc/avr/4.3.2/avr5/libgcc.a(_ctors.o)
 .bss           0x00000000        0x0 /home/slavian/S/arduino/arduino-1.5.2/hardware/tools/avr/bin/../lib/gcc/avr/4.3.2/avr5/libgcc.a(_ctors.o)
 .text.libgcc   0x00000000        0x0 /home/slavian/S/arduino/arduino-1.5.2/hardware/tools/avr/bin/../lib/gcc/avr/4.3.2/avr5/libgcc.a(_ctors.o)
 .text          0x00000000        0x0 /home/slavian/S/arduino/arduino-1.5.2/hardware/tools/avr/bin/../lib/gcc/avr/4.3.2/avr5/libgcc.a(_tablejump.o)
 .data          0x00000000        0x0 /home/slavian/S/arduino/arduino-1.5.2/hardware/tools/avr/bin/../lib/gcc/avr/4.3.2/avr5/libgcc.a(_tablejump.o)
 .bss           0x00000000        0x0 /home/slavian/S/arduino/arduino-1.5.2/hardware/tools/avr/bin/../lib/gcc/avr/4.3.2/avr5/libgcc.a(_tablejump.o)

Memory Configuration

Name             Origin             Length             Attributes
text             0x00000000         0x00020000         xr
data             0x00800060         0x0000ffa0         rw !x
eeprom           0x00810000         0x00010000         rw !x
fuse             0x00820000         0x00000400         rw !x
lock             0x00830000         0x00000400         rw !x
signature        0x00840000         0x00000400         rw !x
*default*        0x00000000         0xffffffff

Linker script and memory map

Address of section .data set to 0x800100
LOAD /home/slavian/S/arduino/arduino-1.5.2/hardware/tools/avr/bin/../lib/gcc/avr/4.3.2/../../../avr/lib/avr5/crtm328p.o
LOAD ./main.o
LOAD /home/slavian/S/git/image-process/ArduinoCoreLib/Release/libArduinoCoreLib.a
LOAD /home/slavian/S/arduino/arduino-1.5.2/hardware/tools/avr/bin/../lib/gcc/avr/4.3.2/../../../avr/lib/avr5/libc.a
LOAD /home/slavian/S/arduino/arduino-1.5.2/hardware/tools/avr/bin/../lib/gcc/avr/4.3.2/avr5/libgcc.a
LOAD /home/slavian/S/arduino/arduino-1.5.2/hardware/tools/avr/bin/../lib/gcc/avr/4.3.2/../../../avr/lib/avr5/libm.a
LOAD /home/slavian/S/arduino/arduino-1.5.2/hardware/tools/avr/bin/../lib/gcc/avr/4.3.2/../../../avr/lib/avr5/libc.a
LOAD /home/slavian/S/arduino/arduino-1.5.2/hardware/tools/avr/bin/../lib/gcc/avr/4.3.2/avr5/libgcc.a
LOAD /home/slavian/S/arduino/arduino-1.5.2/hardware/tools/avr/bin/../lib/gcc/avr/4.3.2/../../../avr/lib/avr5/libc.a
LOAD /home/slavian/S/arduino/arduino-1.5.2/hardware/tools/avr/bin/../lib/gcc/avr/4.3.2/avr5/libgcc.a

.hash
 *(.hash)

.dynsym
 *(.dynsym)

.dynstr
 *(.dynstr)

.gnu.version
 *(.gnu.version)

.gnu.version_d
 *(.gnu.version_d)

.gnu.version_r
 *(.gnu.version_r)

.rel.init
 *(.rel.init)

.rela.init
 *(.rela.init)

.rel.text
 *(.rel.text)
 *(.rel.text.*)
 *(.rel.gnu.linkonce.t*)

.rela.text
 *(.rela.text)
 *(.rela.text.*)
 *(.rela.gnu.linkonce.t*)

.rel.fini
 *(.rel.fini)

.rela.fini
 *(.rela.fini)

.rel.rodata
 *(.rel.rodata)
 *(.rel.rodata.*)
 *(.rel.gnu.linkonce.r*)

.rela.rodata
 *(.rela.rodata)
 *(.rela.rodata.*)
 *(.rela.gnu.linkonce.r*)

.rel.data
 *(.rel.data)
 *(.rel.data.*)
 *(.rel.gnu.linkonce.d*)

.rela.data
 *(.rela.data)
 *(.rela.data.*)
 *(.rela.gnu.linkonce.d*)

.rel.ctors
 *(.rel.ctors)

.rela.ctors
 *(.rela.ctors)

.rel.dtors
 *(.rel.dtors)

.rela.dtors
 *(.rela.dtors)

.rel.got
 *(.rel.got)

.rela.got
 *(.rela.got)

.rel.bss
 *(.rel.bss)

.rela.bss
 *(.rela.bss)

.rel.plt
 *(.rel.plt)

.rela.plt
 *(.rela.plt)

.text           0x00000000      0x6d4
 *(.vectors)
 .vectors       0x00000000       0x68 /home/slavian/S/arduino/arduino-1.5.2/hardware/tools/avr/bin/../lib/gcc/avr/4.3.2/../../../avr/lib/avr5/crtm328p.o
                0x00000000                __vectors
                0x00000000                __vector_default
 *(.vectors)
 *(.progmem.gcc*)
 *(.progmem*)
 .progmem.data  0x00000068        0xe ./main.o
 .progmem.data  0x00000076       0x5a /home/slavian/S/git/image-process/ArduinoCoreLib/Release/libArduinoCoreLib.a(wiring_digital.o)
                0x00000076                port_to_mode_PGM
                0x00000094                digital_pin_to_port_PGM
                0x000000a8                digital_pin_to_bit_mask_PGM
                0x00000080                port_to_output_PGM
                0x0000008a                port_to_input_PGM
                0x000000bc                digital_pin_to_timer_PGM
                0x000000d0                . = ALIGN (0x2)
                0x000000d0                __trampolines_start = .
 *(.trampolines)
 .trampolines   0x000000d0        0x0 linker stubs
 *(.trampolines*)
                0x000000d0                __trampolines_end = .
 *(.jumptables)
 *(.jumptables*)
 *(.lowtext)
 *(.lowtext*)
                0x000000d0                __ctors_start = .
 *(.ctors)
 .ctors         0x000000d0        0x2 ./main.o
                0x000000d2                __ctors_end = .
                0x000000d2                __dtors_start = .
 *(.dtors)
                0x000000d2                __dtors_end = .
 SORT(*)(.ctors)
 SORT(*)(.dtors)
 *(.init0)
 .init0         0x000000d2        0x0 /home/slavian/S/arduino/arduino-1.5.2/hardware/tools/avr/bin/../lib/gcc/avr/4.3.2/../../../avr/lib/avr5/crtm328p.o
                0x000000d2                __init
 *(.init0)
 *(.init1)
 *(.init1)
 *(.init2)
 .init2         0x000000d2        0xc /home/slavian/S/arduino/arduino-1.5.2/hardware/tools/avr/bin/../lib/gcc/avr/4.3.2/../../../avr/lib/avr5/crtm328p.o
 *(.init2)
 *(.init3)
 *(.init3)
 *(.init4)
 .init4         0x000000de       0x16 /home/slavian/S/arduino/arduino-1.5.2/hardware/tools/avr/bin/../lib/gcc/avr/4.3.2/avr5/libgcc.a(_copy_data.o)
                0x000000de                __do_copy_data
 .init4         0x000000f4       0x10 /home/slavian/S/arduino/arduino-1.5.2/hardware/tools/avr/bin/../lib/gcc/avr/4.3.2/avr5/libgcc.a(_clear_bss.o)
                0x000000f4                __do_clear_bss
 *(.init4)
 *(.init5)
 *(.init5)
 *(.init6)
 .init6         0x00000104       0x16 /home/slavian/S/arduino/arduino-1.5.2/hardware/tools/avr/bin/../lib/gcc/avr/4.3.2/avr5/libgcc.a(_ctors.o)
                0x00000104                __do_global_ctors
 *(.init6)
 *(.init7)
 *(.init7)
 *(.init8)
 *(.init8)
 *(.init9)
 .init9         0x0000011a        0x8 /home/slavian/S/arduino/arduino-1.5.2/hardware/tools/avr/bin/../lib/gcc/avr/4.3.2/../../../avr/lib/avr5/crtm328p.o
 *(.init9)
 *(.text)
 .text          0x00000122        0x4 /home/slavian/S/arduino/arduino-1.5.2/hardware/tools/avr/bin/../lib/gcc/avr/4.3.2/../../../avr/lib/avr5/crtm328p.o
                0x00000122                __vector_22
                0x00000122                __vector_1
                0x00000122                __vector_24
                0x00000122                __vector_12
                0x00000122                __bad_interrupt
                0x00000122                __vector_6
                0x00000122                __vector_3
                0x00000122                __vector_23
                0x00000122                __vector_25
                0x00000122                __vector_11
                0x00000122                __vector_13
                0x00000122                __vector_17
                0x00000122                __vector_19
                0x00000122                __vector_7
                0x00000122                __vector_5
                0x00000122                __vector_4
                0x00000122                __vector_9
                0x00000122                __vector_2
                0x00000122                __vector_21
                0x00000122                __vector_15
                0x00000122                __vector_8
                0x00000122                __vector_14
                0x00000122                __vector_10
                0x00000122                __vector_18
                0x00000122                __vector_20
 .text          0x00000126        0x6 /home/slavian/S/arduino/arduino-1.5.2/hardware/tools/avr/bin/../lib/gcc/avr/4.3.2/../../../avr/lib/avr5/libc.a(exit.o)
                0x00000126                exit
                0x0000012c                . = ALIGN (0x2)
 *(.text.*)
 .text._ZN5slavi23DigitalOutputArduinoPinIvE8setStateEb
                0x0000012c       0x2a ./main.o
                0x0000012c                slavi::DigitalOutputArduinoPin<void>::setState(bool)
 .text._ZN5slavi22DigitalInputArduinoPinIvE8getStateEv
                0x00000156       0x24 ./main.o
                0x00000156                slavi::DigitalInputArduinoPin<void>::getState()
 .text._ZN5slavi23DigitalOutputArduinoPinIvE8getStateEv
                0x0000017a        0x6 ./main.o
                0x0000017a                slavi::DigitalOutputArduinoPin<void>::getState()
 .text._GLOBAL__I__Znwj
                0x00000180       0x1a ./main.o
 .text._ZN5slavi11BlinkingLedIvE6updateEv
                0x0000019a      0x116 ./main.o
                0x0000019a                slavi::BlinkingLed<void>::update()
 .text.main     0x000002b0      0x274 ./main.o
                0x000002b0                main
 .text.__vector_16
                0x00000524       0x90 /home/slavian/S/git/image-process/ArduinoCoreLib/Release/libArduinoCoreLib.a(wiring.o)
                0x00000524                __vector_16
 .text.millis   0x000005b4       0x1c /home/slavian/S/git/image-process/ArduinoCoreLib/Release/libArduinoCoreLib.a(wiring.o)
                0x000005b4                millis
 .text.init     0x000005d0       0x76 /home/slavian/S/git/image-process/ArduinoCoreLib/Release/libArduinoCoreLib.a(wiring.o)
                0x000005d0                init
 .text.pinMode  0x00000646       0x7e /home/slavian/S/git/image-process/ArduinoCoreLib/Release/libArduinoCoreLib.a(wiring_digital.o)
                0x00000646                pinMode
 .text.libgcc   0x000006c4        0xc /home/slavian/S/arduino/arduino-1.5.2/hardware/tools/avr/bin/../lib/gcc/avr/4.3.2/avr5/libgcc.a(_tablejump.o)
                0x000006c8                __tablejump__
                0x000006c4                __tablejump2__
                0x000006d0                . = ALIGN (0x2)
 *(.fini9)
 .fini9         0x000006d0        0x0 /home/slavian/S/arduino/arduino-1.5.2/hardware/tools/avr/bin/../lib/gcc/avr/4.3.2/avr5/libgcc.a(_exit.o)
                0x000006d0                _exit
 *(.fini9)
 *(.fini8)
 *(.fini8)
 *(.fini7)
 *(.fini7)
 *(.fini6)
 *(.fini6)
 *(.fini5)
 *(.fini5)
 *(.fini4)
 *(.fini4)
 *(.fini3)
 *(.fini3)
 *(.fini2)
 *(.fini2)
 *(.fini1)
 *(.fini1)
 *(.fini0)
 .fini0         0x000006d0        0x4 /home/slavian/S/arduino/arduino-1.5.2/hardware/tools/avr/bin/../lib/gcc/avr/4.3.2/avr5/libgcc.a(_exit.o)
 *(.fini0)
                0x000006d4                _etext = .

.data           0x00800100        0xe load address 0x000006d4
                0x00800100                PROVIDE (__data_start, .)
 *(.data)
 *(.data*)
 *(.rodata)
 *(.rodata*)
 .rodata._ZTVN5slavi23DigitalOutputArduinoPinIvEE
                0x00800100        0x8 ./main.o
                0x00800100                vtable for slavi::DigitalOutputArduinoPin<void>
 .rodata._ZTVN5slavi22DigitalInputArduinoPinIvEE
                0x00800108        0x6 ./main.o
                0x00800108                vtable for slavi::DigitalInputArduinoPin<void>
 *(.gnu.linkonce.d*)
                0x0080010e                . = ALIGN (0x2)
                0x0080010e                _edata = .
                0x0080010e                PROVIDE (__data_end, .)

.bss            0x0080010e       0x2a load address 0x000006e2
                0x0080010e                PROVIDE (__bss_start, .)
 *(.bss)
 *(.bss*)
 .bss.mainClass
                0x0080010e       0x21 ./main.o
                0x0080010e                mainClass
 .bss.timer0_overflow_count
                0x0080012f        0x4 /home/slavian/S/git/image-process/ArduinoCoreLib/Release/libArduinoCoreLib.a(wiring.o)
                0x0080012f                timer0_overflow_count
 .bss.timer0_millis
                0x00800133        0x4 /home/slavian/S/git/image-process/ArduinoCoreLib/Release/libArduinoCoreLib.a(wiring.o)
                0x00800133                timer0_millis
 .bss._ZL12timer0_fract
                0x00800137        0x1 /home/slavian/S/git/image-process/ArduinoCoreLib/Release/libArduinoCoreLib.a(wiring.o)
 *(COMMON)
                0x00800138                PROVIDE (__bss_end, .)
                0x000006d4                __data_load_start = LOADADDR (.data)
                0x000006e2                __data_load_end = (__data_load_start + SIZEOF (.data))

.noinit         0x00800138        0x0
                0x00800138                PROVIDE (__noinit_start, .)
 *(.noinit*)
                0x00800138                PROVIDE (__noinit_end, .)
                0x00800138                _end = .
                0x00800138                PROVIDE (__heap_start, .)

.eeprom         0x00810000        0x0
 *(.eeprom*)
                0x00810000                __eeprom_end = .

.fuse
 *(.fuse)
 *(.lfuse)
 *(.hfuse)
 *(.efuse)

.lock
 *(.lock*)

.signature
 *(.signature*)

.stab           0x00000000      0x768
 *(.stab)
 .stab          0x00000000      0x6b4 /home/slavian/S/arduino/arduino-1.5.2/hardware/tools/avr/bin/../lib/gcc/avr/4.3.2/../../../avr/lib/avr5/crtm328p.o
 .stab          0x000006b4       0x30 /home/slavian/S/arduino/arduino-1.5.2/hardware/tools/avr/bin/../lib/gcc/avr/4.3.2/../../../avr/lib/avr5/libc.a(exit.o)
                                 0x3c (size before relaxing)
 .stab          0x000006e4       0x84 /home/slavian/S/arduino/arduino-1.5.2/hardware/tools/avr/bin/../lib/gcc/avr/4.3.2/../../../avr/lib/avr5/libc.a(memcpy.o)
                                 0x90 (size before relaxing)

.stabstr        0x00000000       0xae
 *(.stabstr)
 .stabstr       0x00000000       0xae /home/slavian/S/arduino/arduino-1.5.2/hardware/tools/avr/bin/../lib/gcc/avr/4.3.2/../../../avr/lib/avr5/crtm328p.o

.stab.excl
 *(.stab.excl)

.stab.exclstr
 *(.stab.exclstr)

.stab.index
 *(.stab.index)

.stab.indexstr
 *(.stab.indexstr)

.comment
 *(.comment)

.debug
 *(.debug)

.line
 *(.line)

.debug_srcinfo
 *(.debug_srcinfo)

.debug_sfnames
 *(.debug_sfnames)

.debug_aranges
 *(.debug_aranges)

.debug_pubnames
 *(.debug_pubnames)

.debug_info
 *(.debug_info)
 *(.gnu.linkonce.wi.*)

.debug_abbrev
 *(.debug_abbrev)

.debug_line
 *(.debug_line)

.debug_frame
 *(.debug_frame)

.debug_str
 *(.debug_str)

.debug_loc
 *(.debug_loc)

.debug_macinfo
 *(.debug_macinfo)
OUTPUT(ArduinoProject.elf elf32-avr)
LOAD linker stubs
